ERROR: pip's dependency resolver does not currently take into account all the packages that are installed. This behaviour is the source of the following dependency conflicts.
ipykernel 7.2.0 requires nest-asyncio>=1.4, which is not installed.
ipykernel 7.2.0 requires psutil>=5.7, which is not installed.
ipykernel 7.2.0 requires tornado>=6.4.1, which is not installed.
WARNING: Target directory D:\SIH-2026\sih-har-isro\.runtime\site-packages\cv2 already exists. Specify --upgrade to force replacement.
WARNING: Target directory D:\SIH-2026\sih-har-isro\.runtime\site-packages\distutils-precedence.pth already exists. Specify --upgrade to force replacement.
WARNING: Target directory D:\SIH-2026\sih-har-isro\.runtime\site-packages\filelock already exists. Specify --upgrade to force replacement.
WARNING: Target directory D:\SIH-2026\sih-har-isro\.runtime\site-packages\filelock-3.32.5.dist-info already exists. Specify --upgrade to force replacement.
WARNING: Target directory D:\SIH-2026\sih-har-isro\.runtime\site-packages\flatbuffers already exists. Specify --upgrade to force replacement.
WARNING: Target directory D:\SIH-2026\sih-har-isro\.runtime\site-packages\flatbuffers-25.12.19.dist-info already exists. Specify --upgrade to force replacement.
WARNING: Target directory D:\SIH-2026\sih-har-isro\.runtime\site-packages\fsspec already exists. Specify --upgrade to force replacement.
WARNING: Target directory D:\SIH-2026\sih-har-isro\.runtime\site-packages\fsspec-2026.7.0.dist-info already exists. Specify --upgrade to force replacement.
WARNING: Target directory D:\SIH-2026\sih-har-isro\.runtime\site-packages\functorch already exists. Specify --upgrade to force replacement.
WARNING: Target directory D:\SIH-2026\sih-har-isro\.runtime\site-packages\google already exists. Specify --upgrade to force replacement.
WARNING: Target directory D:\SIH-2026\sih-har-isro\.runtime\site-packages\isympy.py already exists. Specify --upgrade to force replacement.
WARNING: Target directory D:\SIH-2026\sih-har-isro\.runtime\site-packages\jinja2 already exists. Specify --upgrade to force replacement.
WARNING: Target directory D:\SIH-2026\sih-har-isro\.runtime\site-packages\jinja2-3.1.6.dist-info already exists. Specify --upgrade to force replacement.
WARNING: Target directory D:\SIH-2026\sih-har-isro\.runtime\site-packages\markupsafe already exists. Specify --upgrade to force replacement.
WARNING: Target directory D:\SIH-2026\sih-har-isro\.runtime\site-packages\markupsafe-3.0.3.dist-info already exists. Specify --upgrade to force replacement.
WARNING: Target directory D:\SIH-2026\sih-har-isro\.runtime\site-packages\mpmath already exists. Specify --upgrade to force replacement.
WARNING: Target directory D:\SIH-2026\sih-har-isro\.runtime\site-packages\mpmath-1.3.0.dist-info already exists. Specify --upgrade to force replacement.
WARNING: Target directory D:\SIH-2026\sih-har-isro\.runtime\site-packages\networkx already exists. Specify --upgrade to force replacement.
WARNING: Target directory D:\SIH-2026\sih-har-isro\.runtime\site-packages\networkx-3.6.1.dist-info already exists. Specify --upgrade to force replacement.
WARNING: Target directory D:\SIH-2026\sih-har-isro\.runtime\site-packages\numpy already exists. Specify --upgrade to force replacement.
WARNING: Target directory D:\SIH-2026\sih-har-isro\.runtime\site-packages\numpy-2.5.2.dist-info already exists. Specify --upgrade to force replacement.
WARNING: Target directory D:\SIH-2026\sih-har-isro\.runtime\site-packages\numpy.libs already exists. Specify --upgrade to force replacement.
WARNING: Target directory D:\SIH-2026\sih-har-isro\.runtime\site-packages\onnxruntime already exists. Specify --upgrade to force replacement.
WARNING: Target directory D:\SIH-2026\sih-har-isro\.runtime\site-packages\onnxruntime-1.29.0.dist-info already exists. Specify --upgrade to force replacement.
WARNING: Target directory D:\SIH-2026\sih-har-isro\.runtime\site-packages\opencv_python-5.0.0.93.dist-info already exists. Specify --upgrade to force replacement.
WARNING: Target directory D:\SIH-2026\sih-har-isro\.runtime\site-packages\packaging already exists. Specify --upgrade to force replacement.
WARNING: Target directory D:\SIH-2026\sih-har-isro\.runtime\site-packages\packaging-26.3.dist-info already exists. Specify --upgrade to force replacement.
WARNING: Target directory D:\SIH-2026\sih-har-isro\.runtime\site-packages\protobuf-7.36.1.dist-info already exists. Specify --upgrade to force replacement.
WARNING: Target directory D:\SIH-2026\sih-har-isro\.runtime\site-packages\setuptools already exists. Specify --upgrade to force replacement.
WARNING: Target directory D:\SIH-2026\sih-har-isro\.runtime\site-packages\setuptools-84.0.0.dist-info already exists. Specify --upgrade to force replacement.
WARNING: Target directory D:\SIH-2026\sih-har-isro\.runtime\site-packages\sympy already exists. Specify --upgrade to force replacement.
WARNING: Target directory D:\SIH-2026\sih-har-isro\.runtime\site-packages\sympy-1.14.0.dist-info already exists. Specify --upgrade to force replacement.
WARNING: Target directory D:\SIH-2026\sih-har-isro\.runtime\site-packages\torch already exists. Specify --upgrade to force replacement.
WARNING: Target directory D:\SIH-2026\sih-har-isro\.runtime\site-packages\torch-2.14.0.dist-info already exists. Specify --upgrade to force replacement.
WARNING: Target directory D:\SIH-2026\sih-har-isro\.runtime\site-packages\torchgen already exists. Specify --upgrade to force replacement.
WARNING: Target directory D:\SIH-2026\sih-har-isro\.runtime\site-packages\typing_extensions-4.16.0.dist-info already exists. Specify --upgrade to force replacement.
WARNING: Target directory D:\SIH-2026\sih-har-isro\.runtime\site-packages\typing_extensions.py already exists. Specify --upgrade to force replacement.
WARNING: Target directory D:\SIH-2026\sih-har-isro\.runtime\site-packages\_distutils_hack already exists. Specify --upgrade to force replacement.
WARNING: Target directory D:\SIH-2026\sih-har-isro\.runtime\site-packages\__pycache__ already exists. Specify --upgrade to force replacement.
WARNING: Target directory D:\SIH-2026\sih-har-isro\.runtime\site-packages\bin already exists. Specify --upgrade to force replacement.
WARNING: Target directory D:\SIH-2026\sih-har-isro\.runtime\site-packages\share already exists. Specify --upgrade to force replacement.
