2026-09-10 11:12:51,681 [INFO] Loaded dataset: X=(596, 30, 132), y=(596,)
2026-09-10 11:12:51,682 [INFO] Class distribution: {1: 72, 2: 72, 3: 72, 4: 83, 5: 74, 6: 72, 7: 72, 8: 79}
2026-09-10 11:12:51,689 [INFO] Group-aware split: 198 source trials -> 475 train / 121 val windows
2026-09-10 11:12:51,689 [INFO] Train: 475 | Val: 121 | Classes: 8
2026-09-10 11:12:51,690 [INFO] Training on: cpu
2026-09-10 11:12:54,069 [INFO] Epoch 001/080 | Train Loss: 2.0130 | Val Loss: 2.0392 | Val Acc: 0.124
2026-09-10 11:12:54,087 [INFO]   ✓ New best model saved (val_acc=0.124)
2026-09-10 11:12:57,008 [INFO]   ✓ New best model saved (val_acc=0.479)
2026-09-10 11:13:00,016 [INFO] Epoch 005/080 | Train Loss: 0.6730 | Val Loss: 1.8504 | Val Acc: 0.545
2026-09-10 11:13:00,032 [INFO]   ✓ New best model saved (val_acc=0.545)
2026-09-10 11:13:03,033 [INFO]   ✓ New best model saved (val_acc=0.653)
2026-09-10 11:13:06,486 [INFO]   ✓ New best model saved (val_acc=0.669)
2026-09-10 11:13:08,065 [INFO] Epoch 010/080 | Train Loss: 0.3142 | Val Loss: 1.7093 | Val Acc: 0.719
2026-09-10 11:13:08,082 [INFO]   ✓ New best model saved (val_acc=0.719)
2026-09-10 11:13:11,261 [INFO]   ✓ New best model saved (val_acc=0.769)
2026-09-10 11:13:15,767 [INFO] Epoch 015/080 | Train Loss: 0.2517 | Val Loss: 1.6080 | Val Acc: 0.760
2026-09-10 11:13:23,468 [INFO] Epoch 020/080 | Train Loss: 0.1377 | Val Loss: 1.4859 | Val Acc: 0.736
2026-09-10 11:13:31,575 [INFO] Epoch 025/080 | Train Loss: 0.1180 | Val Loss: 2.0528 | Val Acc: 0.694
2026-09-10 11:13:34,844 [INFO]   ✓ New best model saved (val_acc=0.793)
2026-09-10 11:13:39,748 [INFO] Epoch 030/080 | Train Loss: 0.0363 | Val Loss: 1.8847 | Val Acc: 0.760
2026-09-10 11:13:41,417 [INFO]   ✓ New best model saved (val_acc=0.810)
2026-09-10 11:13:42,984 [INFO]   ✓ New best model saved (val_acc=0.843)
2026-09-10 11:13:47,509 [INFO] Epoch 035/080 | Train Loss: 0.0093 | Val Loss: 1.6279 | Val Acc: 0.826
2026-09-10 11:13:54,944 [INFO] Epoch 040/080 | Train Loss: 0.0019 | Val Loss: 1.6308 | Val Acc: 0.826
2026-09-10 11:14:02,344 [INFO] Epoch 045/080 | Train Loss: 0.0033 | Val Loss: 1.7144 | Val Acc: 0.818
2026-09-10 11:14:05,268 [INFO] Early stopping at epoch 47.
2026-09-10 11:14:05,269 [INFO] Training complete. Best Val Accuracy: 0.843
2026-09-10 11:14:05,269 [INFO] Model saved to: models/lstm_classifier.pt
2026-09-10 11:14:05,269 [INFO] Exporting LSTM to ONNX...
/tmp/har_run_venv/lib/python3.12/site-packages/torch/onnx/_internal/torchscript_exporter/symbolic_opset9.py:4496: UserWarning: Exporting a model to ONNX with a batch_size other than 1, with a variable length with LSTM can cause an error when running the ONNX model with a different batch size. Make sure to save the model with a batch size of 1, or define the initial states (h0/c0) as inputs of the model. 
  return _generic_rnn(
2026-09-10 11:14:05,508 [INFO] LSTM ONNX saved: models/lstm_classifier.onnx
LSTM_DONE val_acc= 0.8429752066115702
